[debug] [2026-09-19T05:30:21.405Z] ----------------------------------------------------------------------
[debug] [2026-09-19T05:30:21.407Z] Command:       C:\Program Files\nodejs\node.exe C:\Users\dharm\AppData\Roaming\npm\node_modules\firebase-tools\lib\bin\firebase.js projects:create amazing-tools-portal-app --display-name Amazing-Tools Portal
[debug] [2026-09-19T05:30:21.407Z] CLI Version:   15.30.2
[debug] [2026-09-19T05:30:21.407Z] Platform:      win32
[debug] [2026-09-19T05:30:21.407Z] Node Version:  v24.15.0
[debug] [2026-09-19T05:30:21.407Z] Detected Agent: antigravity
[debug] [2026-09-19T05:30:21.407Z] Time:          Sat Sep 19 2026 11:00:21 GMT+0530 (India Standard Time)
[debug] [2026-09-19T05:30:21.408Z] ----------------------------------------------------------------------
[debug] 
[debug] [2026-09-19T05:30:21.460Z] > command requires scopes: ["email","openid","https://www.googleapis.com/auth/cloudplatformprojects.readonly","https://www.googleapis.com/auth/firebase","https://www.googleapis.com/auth/cloud-platform"]
[debug] [2026-09-19T05:30:21.460Z] > authorizing via signed-in user (dharmesh1032@gmail.com)
[debug] [2026-09-19T05:30:21.475Z] Checked if tokens are valid: true, expires at: 1789798536133
[debug] [2026-09-19T05:30:21.475Z] Checked if tokens are valid: true, expires at: 1789798536133
[debug] [2026-09-19T05:30:21.476Z] >>> [apiv2][query] POST https://cloudresourcemanager.googleapis.com/v1/projects [none]
[debug] [2026-09-19T05:30:21.476Z] >>> [apiv2][body] POST https://cloudresourcemanager.googleapis.com/v1/projects {"projectId":"amazing-tools-portal-app","name":"Amazing-Tools Portal"}
[debug] [2026-09-19T05:30:23.502Z] <<< [apiv2][status] POST https://cloudresourcemanager.googleapis.com/v1/projects 200
[debug] [2026-09-19T05:30:23.502Z] <<< [apiv2][body] POST https://cloudresourcemanager.googleapis.com/v1/projects {"name":"operations/create_project.global.5620930525633753066"}
[debug] [2026-09-19T05:30:23.502Z] Checked if tokens are valid: true, expires at: 1789798536133
[debug] [2026-09-19T05:30:23.502Z] Checked if tokens are valid: true, expires at: 1789798536133
[debug] [2026-09-19T05:30:23.503Z] >>> [apiv2][query] GET https://cloudresourcemanager.googleapis.com/v1/operations/create_project.global.5620930525633753066 [none]
[debug] [2026-09-19T05:30:24.767Z] <<< [apiv2][status] GET https://cloudresourcemanager.googleapis.com/v1/operations/create_project.global.5620930525633753066 200
[debug] [2026-09-19T05:30:24.767Z] <<< [apiv2][body] GET https://cloudresourcemanager.googleapis.com/v1/operations/create_project.global.5620930525633753066 {"name":"operations/create_project.global.5620930525633753066"}
[debug] [2026-09-19T05:30:25.266Z] [Project Creation Poller] Retrying task index 0
[debug] [2026-09-19T05:30:25.267Z] Checked if tokens are valid: true, expires at: 1789798536133
[debug] [2026-09-19T05:30:25.267Z] Checked if tokens are valid: true, expires at: 1789798536133
[debug] [2026-09-19T05:30:25.267Z] >>> [apiv2][query] GET https://cloudresourcemanager.googleapis.com/v1/operations/create_project.global.5620930525633753066 [none]
[debug] [2026-09-19T05:30:25.566Z] <<< [apiv2][status] GET https://cloudresourcemanager.googleapis.com/v1/operations/create_project.global.5620930525633753066 200
[debug] [2026-09-19T05:30:25.566Z] <<< [apiv2][body] GET https://cloudresourcemanager.googleapis.com/v1/operations/create_project.global.5620930525633753066 {"name":"operations/create_project.global.5620930525633753066","metadata":{"@type":"type.googleapis.com/google.cloudresourcemanager.v1.ProjectCreationStatus","gettable":true,"ready":true},"done":true,"response":{"@type":"type.googleapis.com/google.cloudresourcemanager.v1.Project","projectNumber":"219473175769","projectId":"amazing-tools-portal-app","lifecycleState":"ACTIVE","name":"Amazing-Tools Portal","createTime":"2026-09-19T05:30:23.131Z"}}
[debug] [2026-09-19T05:30:25.567Z] Checked if tokens are valid: true, expires at: 1789798536133
[debug] [2026-09-19T05:30:25.567Z] Checked if tokens are valid: true, expires at: 1789798536133
[debug] [2026-09-19T05:30:25.567Z] >>> [apiv2][query] POST https://firebase.googleapis.com/v1beta1/projects/amazing-tools-portal-app:addFirebase [none]
[debug] [2026-09-19T05:30:26.871Z] <<< [apiv2][status] POST https://firebase.googleapis.com/v1beta1/projects/amazing-tools-portal-app:addFirebase 403
[debug] [2026-09-19T05:30:26.871Z] <<< [apiv2][body] POST https://firebase.googleapis.com/v1beta1/projects/amazing-tools-portal-app:addFirebase {"error":{"code":403,"message":"The caller does not have permission","status":"PERMISSION_DENIED"}}
[debug] [2026-09-19T05:30:26.872Z] Request to https://firebase.googleapis.com/v1beta1/projects/amazing-tools-portal-app:addFirebase had HTTP Error: 403, The caller does not have permission
[debug] [2026-09-19T05:30:27.028Z] FirebaseError: Request to https://firebase.googleapis.com/v1beta1/projects/amazing-tools-portal-app:addFirebase had HTTP Error: 403, The caller does not have permission
    at responseToError (C:\Users\dharm\AppData\Roaming\npm\node_modules\firebase-tools\lib\responseToError.js:53:12)
    at RetryOperation._fn (C:\Users\dharm\AppData\Roaming\npm\node_modules\firebase-tools\lib\apiv2.js:415:77)
    at process.processTicksAndRejections (node:internal/process/task_queues:104:5)
[error] 
[error] Error: Failed to add Firebase to Google Cloud Platform project. See firebase-debug.log for more info.
